sample	condition
bclaf1_kd_rep1	Treatment_1
bclaf1_kd_rep2	Treatment_1
ctrl_rep1	Control
ctrl_rep2	Control
